node_modules\.bin\jest.cmd : ts-jest[config] (WARN) 
At line:1 char:1
+ node_modules\.bin\jest.cmd --runInBand --watch=false src/pages/auth/L ...
+ ~~~~~~~~~~~~~~~~~~~~~~~~~~~~~~~~~~~~~~~~~~~~~~~~~~~~~~~~~~~~~~~~~~~~~
    + CategoryInfo          : NotSpecified: (ts-jest[config] (WARN) :String) [ 
   ], RemoteException
    + FullyQualifiedErrorId : NativeCommandError
 
    The "ts-jest" config option "isolatedModules" is deprecated and will be 
removed in v30.0.0. Please use "isolatedModules: true" in 
C:/Users/PC/Documents/SIMS/tsconfig.json instead, see 
https://www.typescriptlang.org/tsconfig/#isolatedModules
  
  console.warn
    ΓÜá∩╕Å React Router Future Flag Warning: React Router will begin wrapping state updates in `React.startTransition` in v7. You can use the `v7_startTransition` future flag to opt-in early. For more information, see https://reactrouter.com/v6/upgrading/future#v7_starttransition.

    [0m [90m 17 |[39m     [36mconst[39m user [33m=[39m userEvent[33m.[39msetup()[33m;[39m
     [90m 18 |[39m
    [31m[1m>[22m[39m[90m 19 |[39m     render(
     [90m    |[39m           [31m[1m^[22m[39m
     [90m 20 |[39m       [33m<[39m[33mMemoryRouter[39m[33m>[39m
     [90m 21 |[39m         [33m<[39m[33mLoginPage[39m [33m/[39m[33m>[39m
     [90m 22 |[39m       [33m<[39m[33m/[39m[33mMemoryRouter[39m[33m>[39m[0m

      at warn (node_modules/react-router/lib/deprecations.ts:9:13)
      at warnOnce (node_modules/react-router/lib/deprecations.ts:14:3)
      at logDeprecation (node_modules/react-router/lib/deprecations.ts:26:5)
      at logV6DeprecationWarnings (node_modules/react-router/lib/components.tsx:257:25)
      at commitHookEffectListMount (node_modules/react-dom/cjs/react-dom.development.js:23189:26)
      at commitPassiveMountOnFiber (node_modules/react-dom/cjs/react-dom.development.js:24970:11)
      at commitPassiveMountEffects_complete (node_modules/react-dom/cjs/react-dom.development.js:24930:9)
      at commitPassiveMountEffects_begin (node_modules/react-dom/cjs/react-dom.development.js:24917:7)
      at commitPassiveMountEffects (node_modules/react-dom/cjs/react-dom.development.js:24905:3)
      at flushPassiveEffectsImpl (node_modules/react-dom/cjs/react-dom.development.js:27078:3)
      at flushPassiveEffects (node_modules/react-dom/cjs/react-dom.development.js:27023:14)
      at node_modules/react-dom/cjs/react-dom.development.js:26808:9
      at flushActQueue (node_modules/react/cjs/react.development.js:2667:24)
      at act (node_modules/react/cjs/react.development.js:2582:11)
      at node_modules/@testing-library/react/dist/act-compat.js:46:25
      at renderRoot (node_modules/@testing-library/react/dist/pure.js:189:26)
      at render (node_modules/@testing-library/react/dist/pure.js:291:10)
      at Object.<anonymous> (src/pages/auth/LoginPage.test.tsx:19:11)

  console.warn
    ΓÜá∩╕Å React Router Future Flag Warning: Relative route resolution within Splat routes is changing in v7. You can use the `v7_relativeSplatPath` future flag to opt-in early. For more information, see https://reactrouter.com/v6/upgrading/future#v7_relativesplatpath.

    [0m [90m 17 |[39m     [36mconst[39m user [33m=[39m userEvent[33m.[39msetup()[33m;[39m
     [90m 18 |[39m
    [31m[1m>[22m[39m[90m 19 |[39m     render(
     [90m    |[39m           [31m[1m^[22m[39m
     [90m 20 |[39m       [33m<[39m[33mMemoryRouter[39m[33m>[39m
     [90m 21 |[39m         [33m<[39m[33mLoginPage[39m [33m/[39m[33m>[39m
     [90m 22 |[39m       [33m<[39m[33m/[39m[33mMemoryRouter[39m[33m>[39m[0m

      at warn (node_modules/react-router/lib/deprecations.ts:9:13)
      at warnOnce (node_modules/react-router/lib/deprecations.ts:14:3)
      at logDeprecation (node_modules/react-router/lib/deprecations.ts:37:5)
      at logV6DeprecationWarnings (node_modules/react-router/lib/components.tsx:257:25)
      at commitHookEffectListMount (node_modules/react-dom/cjs/react-dom.development.js:23189:26)
      at commitPassiveMountOnFiber (node_modules/react-dom/cjs/react-dom.development.js:24970:11)
      at commitPassiveMountEffects_complete (node_modules/react-dom/cjs/react-dom.development.js:24930:9)
      at commitPassiveMountEffects_begin (node_modules/react-dom/cjs/react-dom.development.js:24917:7)
      at commitPassiveMountEffects (node_modules/react-dom/cjs/react-dom.development.js:24905:3)
      at flushPassiveEffectsImpl (node_modules/react-dom/cjs/react-dom.development.js:27078:3)
      at flushPassiveEffects (node_modules/react-dom/cjs/react-dom.development.js:27023:14)
      at node_modules/react-dom/cjs/react-dom.development.js:26808:9
      at flushActQueue (node_modules/react/cjs/react.development.js:2667:24)
      at act (node_modules/react/cjs/react.development.js:2582:11)
      at node_modules/@testing-library/react/dist/act-compat.js:46:25
      at renderRoot (node_modules/@testing-library/react/dist/pure.js:189:26)
      at render (node_modules/@testing-library/react/dist/pure.js:291:10)
      at Object.<anonymous> (src/pages/auth/LoginPage.test.tsx:19:11)

FAIL src/pages/auth/LoginPage.test.tsx (8.261 s)
  ΓùÅ LoginPage ΓÇ║ renders the login form and allows submitting with valid 
input

    thrown: "Exceeded timeout of 5000 ms for a test.
    Add a timeout value to this test to increase the timeout, if this is a 
long-running test. See https://jestjs.io/docs/api#testname-fn-timeout."

    [0m [90m 14 |[39m
     [90m 15 |[39m describe([32m'LoginPage'[39m[33m,[39m () [33m=>[39m 
{
    [31m[1m>[22m[39m[90m 16 |[39m   it([32m'renders the login form and 
allows submitting with valid input'[39m[33m,[39m [36masync[39m () 
[33m=>[39m {
     [90m    |[39m   [31m[1m^[22m[39m
     [90m 17 |[39m     [36mconst[39m user [33m=[39m 
userEvent[33m.[39msetup()[33m;[39m
     [90m 18 |[39m
     [90m 19 |[39m     render([0m

      at src/pages/auth/LoginPage.test.tsx:16:3
      at Object.<anonymous> (src/pages/auth/LoginPage.test.tsx:15:1)

  console.warn
    ΓÜá∩╕Å React Router Future Flag Warning: React Router will begin wrapping state updates in `React.startTransition` in v7. You can use the `v7_startTransition` future flag to opt-in early. For more information, see https://reactrouter.com/v6/upgrading/future#v7_starttransition.

    [0m [90m 17 |[39m     [36mconst[39m user [33m=[39m userEvent[33m.[39msetup()[33m;[39m
     [90m 18 |[39m
    [31m[1m>[22m[39m[90m 19 |[39m     render(
     [90m    |[39m           [31m[1m^[22m[39m
     [90m 20 |[39m       [33m<[39m[33mMemoryRouter[39m[33m>[39m
     [90m 21 |[39m         [33m<[39m[33mForgotPasswordPage[39m [33m/[39m[33m>[39m
     [90m 22 |[39m       [33m<[39m[33m/[39m[33mMemoryRouter[39m[33m>[39m[0m

      at warn (node_modules/react-router/lib/deprecations.ts:9:13)
      at warnOnce (node_modules/react-router/lib/deprecations.ts:14:3)
      at logDeprecation (node_modules/react-router/lib/deprecations.ts:26:5)
      at logV6DeprecationWarnings (node_modules/react-router/lib/components.tsx:257:25)
      at commitHookEffectListMount (node_modules/react-dom/cjs/react-dom.development.js:23189:26)
      at commitPassiveMountOnFiber (node_modules/react-dom/cjs/react-dom.development.js:24970:11)
      at commitPassiveMountEffects_complete (node_modules/react-dom/cjs/react-dom.development.js:24930:9)
      at commitPassiveMountEffects_begin (node_modules/react-dom/cjs/react-dom.development.js:24917:7)
      at commitPassiveMountEffects (node_modules/react-dom/cjs/react-dom.development.js:24905:3)
      at flushPassiveEffectsImpl (node_modules/react-dom/cjs/react-dom.development.js:27078:3)
      at flushPassiveEffects (node_modules/react-dom/cjs/react-dom.development.js:27023:14)
      at node_modules/react-dom/cjs/react-dom.development.js:26808:9
      at flushActQueue (node_modules/react/cjs/react.development.js:2667:24)
      at act (node_modules/react/cjs/react.development.js:2582:11)
      at node_modules/@testing-library/react/dist/act-compat.js:46:25
      at renderRoot (node_modules/@testing-library/react/dist/pure.js:189:26)
      at render (node_modules/@testing-library/react/dist/pure.js:291:10)
      at Object.<anonymous> (src/pages/auth/ForgotPasswordPage.test.tsx:19:11)

  console.warn
    ΓÜá∩╕Å React Router Future Flag Warning: Relative route resolution within Splat routes is changing in v7. You can use the `v7_relativeSplatPath` future flag to opt-in early. For more information, see https://reactrouter.com/v6/upgrading/future#v7_relativesplatpath.

    [0m [90m 17 |[39m     [36mconst[39m user [33m=[39m userEvent[33m.[39msetup()[33m;[39m
     [90m 18 |[39m
    [31m[1m>[22m[39m[90m 19 |[39m     render(
     [90m    |[39m           [31m[1m^[22m[39m
     [90m 20 |[39m       [33m<[39m[33mMemoryRouter[39m[33m>[39m
     [90m 21 |[39m         [33m<[39m[33mForgotPasswordPage[39m [33m/[39m[33m>[39m
     [90m 22 |[39m       [33m<[39m[33m/[39m[33mMemoryRouter[39m[33m>[39m[0m

      at warn (node_modules/react-router/lib/deprecations.ts:9:13)
      at warnOnce (node_modules/react-router/lib/deprecations.ts:14:3)
      at logDeprecation (node_modules/react-router/lib/deprecations.ts:37:5)
      at logV6DeprecationWarnings (node_modules/react-router/lib/components.tsx:257:25)
      at commitHookEffectListMount (node_modules/react-dom/cjs/react-dom.development.js:23189:26)
      at commitPassiveMountOnFiber (node_modules/react-dom/cjs/react-dom.development.js:24970:11)
      at commitPassiveMountEffects_complete (node_modules/react-dom/cjs/react-dom.development.js:24930:9)
      at commitPassiveMountEffects_begin (node_modules/react-dom/cjs/react-dom.development.js:24917:7)
      at commitPassiveMountEffects (node_modules/react-dom/cjs/react-dom.development.js:24905:3)
      at flushPassiveEffectsImpl (node_modules/react-dom/cjs/react-dom.development.js:27078:3)
      at flushPassiveEffects (node_modules/react-dom/cjs/react-dom.development.js:27023:14)
      at node_modules/react-dom/cjs/react-dom.development.js:26808:9
      at flushActQueue (node_modules/react/cjs/react.development.js:2667:24)
      at act (node_modules/react/cjs/react.development.js:2582:11)
      at node_modules/@testing-library/react/dist/act-compat.js:46:25
      at renderRoot (node_modules/@testing-library/react/dist/pure.js:189:26)
      at render (node_modules/@testing-library/react/dist/pure.js:291:10)
      at Object.<anonymous> (src/pages/auth/ForgotPasswordPage.test.tsx:19:11)

FAIL src/pages/auth/ForgotPasswordPage.test.tsx (6.031 s)
  ΓùÅ ForgotPasswordPage ΓÇ║ renders the reset form and shows a success 
message after submission

    thrown: "Exceeded timeout of 5000 ms for a test.
    Add a timeout value to this test to increase the timeout, if this is a 
long-running test. See https://jestjs.io/docs/api#testname-fn-timeout."

    [0m [90m 14 |[39m
     [90m 15 |[39m describe([32m'ForgotPasswordPage'[39m[33m,[39m () 
[33m=>[39m {
    [31m[1m>[22m[39m[90m 16 |[39m   it([32m'renders the reset form and 
shows a success message after submission'[39m[33m,[39m [36masync[39m () 
[33m=>[39m {
     [90m    |[39m   [31m[1m^[22m[39m
     [90m 17 |[39m     [36mconst[39m user [33m=[39m 
userEvent[33m.[39msetup()[33m;[39m
     [90m 18 |[39m
     [90m 19 |[39m     render([0m

      at src/pages/auth/ForgotPasswordPage.test.tsx:16:3
      at Object.<anonymous> (src/pages/auth/ForgotPasswordPage.test.tsx:15:1)

Test Suites: 2 failed, 2 total
Tests:       2 failed, 2 total
Snapshots:   0 total
Time:        18.072 s
Ran all test suites matching 
src/pages/auth/LoginPage.test.tsx|src/pages/auth/ForgotPasswordPage.test.tsx.
